// Jest Snapshot v1, https://goo.gl/fbAQLP

exports[`Button component test snapshot test should render correctly 1`] = `
<View
  accessibilityLabel="button-default"
  accessibilityState={
    {
      "busy": undefined,
      "checked": undefined,
      "disabled": false,
      "expanded": undefined,
      "selected": undefined,
    }
  }
  accessibilityValue={
    {
      "max": undefined,
      "min": undefined,
      "now": undefined,
      "text": undefined,
    }
  }
  accessible={true}
  collapsable={false}
  focusable={true}
  hitSlop={
    {
      "bottom": 15,
      "left": 15,
      "right": 15,
      "top": 15,
    }
  }
  onClick={[Function]}
  onResponderGrant={[Function]}
  onResponderMove={[Function]}
  onResponderRelease={[Function]}
  onResponderTerminate={[Function]}
  onResponderTerminationRequest={[Function]}
  onStartShouldSetResponder={[Function]}
  style={
    {
      "alignItems": "center",
      "backgroundColor": "#47bba5",
      "borderRadius": 5,
      "color": "#FFFFFF",
      "height": 48,
      "justifyContent": "center",
      "opacity": 1,
    }
  }
  testID="button-default"
>
  <View
    style={
      {
        "alignItems": "center",
        "flexDirection": "row",
      }
    }
  >
    <Text
      allowFontScaling={false}
      style={
        [
          {
            "color": "#202020",
            "fontSize": 14,
            "fontWeight": "normal",
          },
          [
            [
              {
                "color": "#FFFFFF",
                "fontSize": 16,
              },
              false,
            ],
            {},
          ],
          undefined,
          undefined,
        ]
      }
    >
      Test Button Standard
    </Text>
  </View>
</View>
`;
