// Jest Snapshot v1, https://goo.gl/fbAQLP

exports[`Icon component test Icon snapshot test should render correctly 1`] = `
<View
  accessibilityLabel="button-icon"
  accessibilityState={
    {
      "busy": undefined,
      "checked": undefined,
      "disabled": true,
      "expanded": undefined,
      "selected": undefined,
    }
  }
  accessibilityValue={
    {
      "max": undefined,
      "min": undefined,
      "now": undefined,
      "text": undefined,
    }
  }
  accessible={true}
  collapsable={false}
  focusable={false}
  hitSlop={
    {
      "bottom": 15,
      "left": 15,
      "right": 15,
      "top": 15,
    }
  }
  onClick={[Function]}
  onResponderGrant={[Function]}
  onResponderMove={[Function]}
  onResponderRelease={[Function]}
  onResponderTerminate={[Function]}
  onResponderTerminationRequest={[Function]}
  onStartShouldSetResponder={[Function]}
  style={
    {
      "opacity": 1,
    }
  }
  testID="button-icon"
>
  <Text
    allowFontScaling={false}
    selectable={false}
    style={
      [
        {
          "color": undefined,
          "fontSize": 16,
        },
        {
          "color": "black",
        },
        {
          "fontFamily": "Icon",
          "fontStyle": "normal",
          "fontWeight": "normal",
        },
        {},
      ]
    }
  >
    Ó§Å
  </Text>
</View>
`;

exports[`Icon component test Icon without Name snapshot test should render correctly 1`] = `null`;
